I, [2015-12-18T13:36:44.732636 #1267]  INFO -- : adsfdsfds
